C:\Users\Róka\Desktop\InvoiceSystem\InvoiceSystem\src\main\java\hu\anzek\backend\invoicesystem\repository\SzallitoBekerese.java
C:\Users\Róka\Desktop\InvoiceSystem\InvoiceSystem\src\main\java\hu\anzek\backend\invoicesystem\model\Vevo.java
C:\Users\Róka\Desktop\InvoiceSystem\InvoiceSystem\src\main\java\hu\anzek\backend\invoicesystem\repository\SzallitoRepo.java
C:\Users\Róka\Desktop\InvoiceSystem\InvoiceSystem\src\main\java\hu\anzek\backend\invoicesystem\repository\VevoCikkRepo.java
C:\Users\Róka\Desktop\InvoiceSystem\InvoiceSystem\src\main\java\hu\anzek\backend\invoicesystem\model\Szallito.java
C:\Users\Róka\Desktop\InvoiceSystem\InvoiceSystem\src\main\java\hu\anzek\backend\invoicesystem\model\Cikk.java
C:\Users\Róka\Desktop\InvoiceSystem\InvoiceSystem\src\main\java\hu\anzek\backend\invoicesystem\InvoiceSystem.java
C:\Users\Róka\Desktop\InvoiceSystem\InvoiceSystem\src\main\java\JavaKollekciok.java
C:\Users\Róka\Desktop\InvoiceSystem\InvoiceSystem\src\main\java\hu\anzek\backend\invoicesystem\repository\VevoBekerese.java
